
> arrai@0.1.0 build
> next build

Γû▓ Next.js 16.1.6 (Turbopack)
- Environments: .env

  Creating an optimized production build ...
Γ£ô Compiled successfully in 3.3s
  Running TypeScript ...
node.exe : Failed to 
compile.
At C:\Program Files\n
odejs\npm.ps1:29 
char:3
+   & $NODE_EXE 
$NPM_CLI_JS $args
+   ~~~~~~~~~~~~~~~~~
~~~~~~~~~~~~
    + CategoryInfo   
           : NotSpe  
  cified: (Failed    
 to compile.:Stri    
ng) [], RemoteEx    
ception
    + FullyQualified 
   ErrorId : Native  
  CommandError
 

./app/clients/[id]/pa
ge.tsx:35:51
Type error: 
Parameter 'sum' 
implicitly has an 
'any' type.

[0m [90m 33 |[39m 
    }
 [90m 34 |[39m
[31m[1m>[22m[39m
[90m 35 |[39m     
[36mconst[39m 
totalServices 
[33m=[39m client[3
3m.[39mprojects[33m
.[39mreduce((sum[33
m,[39m p) 
[33m=>[39m sum 
[33m+[39m p[33m.[
39mservices[33m.[39
mlength[33m,[39m 
[35m0[39m)
 [90m    |[39m     
                     
                     
    
[31m[1m^[22m[39m
 [90m 36 |[39m     
[36mconst[39m 
completedServices 
[33m=[39m client[3
3m.[39mprojects[33m
.[39mreduce(
 [90m 37 |[39m     
    (sum[33m,[39m 
p) [33m=>[39m sum 
[33m+[39m p[33m.[
39mservices[33m.[39
mfilter(s 
[33m=>[39m 
s[33m.[39mstatus 
[33m===[39m [32m'C
OMPLETED'[39m)[33m.
[39mlength[33m,[39
m
 [90m 38 |[39m     
    [35m0[39m[0m
Next.js build worker 
exited with code: 1 
and signal: null
